PASS std: math_abs
PASS std: math_min
PASS std: math_max
PASS std: math_pow
PASS std: strings_trim
PASS std: strings_upper
PASS std: strings_lower
PASS std: strings_replace
PASS std: strings_split_len
PASS std: strings_split_first
PASS std: integer_parse
PASS std: integer_format
PASS std: boolean_parse_true
PASS std: boolean_parse_false
PASS std: boolean_format
PASS std: string_builder
PASS std: random_bounded
PASS std: uuid_len
PASS std: array_list_size
PASS std: array_list_get
PASS std: stack_pop
PASS std: stack_peek
PASS std: queue_dequeue
PASS std: queue_peek
PASS std: hash_set_contains
PASS std: hash_set_missing
PASS std: optional_present
PASS std: optional_get
PASS std: optional_or_else
PASS std: linked_hash_map_order0
PASS std: linked_hash_map_order2
PASS std: linked_hash_map_get
PASS std: linked_hash_set_order0
PASS std: linked_hash_set_order1
PASS std: tree_map_order0
PASS std: tree_map_order2
PASS std: tree_map_get
PASS std: tree_set_order0
PASS std: tree_set_order2
PASS std: tree_set_contains
Todos los tests std pasaron.
